// Vitest Snapshot v1, https://vitest.dev/guide/snapshot.html

exports[`renderCursorRule > renders .mdc rule content for fixture skills 1`] = `
{
  "scoped": "---
description: "Applies to TypeScript source files."
globs:
  - "src/**/*.ts"
alwaysApply: false
---

# Skill: Scoped Skill

## Rule
Use explicit return types on exported functions.

## Why
Exported APIs should be clear at the boundary.

## Example
export function run(): void {}

",
  "simple": "---
description: "Applies everywhere."
globs: []
alwaysApply: true
---

# Skill: Simple Skill

## Rule
Always keep the code readable.

## Why
Readable code is easier to review and maintain.

## Example
Prefer a named helper over a dense inline expression.

",
  "with-examples": "---
description: "Includes extra example files."
globs:
  - "src/**/*.ts"
alwaysApply: false
---

# Skill: With Examples

## Rule
Keep examples near the skill.

## Why
Examples make a convention concrete.

## Example
See examples/example.md.

",
}
`;
